###############################################################################
#
# IAR ELF Linker V9.30.1.335/W64 for ARM                  18/Apr/2025  14:14:26
# Copyright 2007-2022 IAR Systems AB.
#
#    Output file  =  C:\stm32_test\uartCLI\EWARM\uartCLI\Exe\uartCLI.out
#    Map file     =  C:\stm32_test\uartCLI\EWARM\uartCLI\List\uartCLI.map
#    Command line =
#        -f C:\stm32_test\uartCLI\EWARM\uartCLI\Exe\uartCLI.out.rsp
#        (C:\stm32_test\uartCLI\EWARM\uartCLI\Obj\Application\User\Core\gpio.o
#        C:\stm32_test\uartCLI\EWARM\uartCLI\Obj\Application\User\Core\main.o
#        C:\stm32_test\uartCLI\EWARM\uartCLI\Obj\Application\EWARM\startup_stm32f103x6.o
#        C:\stm32_test\uartCLI\EWARM\uartCLI\Obj\Drivers\STM32F1xx_HAL_Driver\stm32f1xx_hal.o
#        C:\stm32_test\uartCLI\EWARM\uartCLI\Obj\Drivers\STM32F1xx_HAL_Driver\stm32f1xx_hal_cortex.o
#        C:\stm32_test\uartCLI\EWARM\uartCLI\Obj\Drivers\STM32F1xx_HAL_Driver\stm32f1xx_hal_dma.o
#        C:\stm32_test\uartCLI\EWARM\uartCLI\Obj\Drivers\STM32F1xx_HAL_Driver\stm32f1xx_hal_exti.o
#        C:\stm32_test\uartCLI\EWARM\uartCLI\Obj\Drivers\STM32F1xx_HAL_Driver\stm32f1xx_hal_flash.o
#        C:\stm32_test\uartCLI\EWARM\uartCLI\Obj\Drivers\STM32F1xx_HAL_Driver\stm32f1xx_hal_flash_ex.o
#        C:\stm32_test\uartCLI\EWARM\uartCLI\Obj\Drivers\STM32F1xx_HAL_Driver\stm32f1xx_hal_gpio.o
#        C:\stm32_test\uartCLI\EWARM\uartCLI\Obj\Drivers\STM32F1xx_HAL_Driver\stm32f1xx_hal_gpio_ex.o
#        C:\stm32_test\uartCLI\EWARM\uartCLI\Obj\Application\User\Core\stm32f1xx_hal_msp.o
#        C:\stm32_test\uartCLI\EWARM\uartCLI\Obj\Drivers\STM32F1xx_HAL_Driver\stm32f1xx_hal_pwr.o
#        C:\stm32_test\uartCLI\EWARM\uartCLI\Obj\Drivers\STM32F1xx_HAL_Driver\stm32f1xx_hal_rcc.o
#        C:\stm32_test\uartCLI\EWARM\uartCLI\Obj\Drivers\STM32F1xx_HAL_Driver\stm32f1xx_hal_rcc_ex.o
#        C:\stm32_test\uartCLI\EWARM\uartCLI\Obj\Drivers\STM32F1xx_HAL_Driver\stm32f1xx_hal_uart.o
#        C:\stm32_test\uartCLI\EWARM\uartCLI\Obj\Application\User\Core\stm32f1xx_it.o
#        C:\stm32_test\uartCLI\EWARM\uartCLI\Obj\Drivers\CMSIS\system_stm32f1xx.o
#        C:\stm32_test\uartCLI\EWARM\uartCLI\Obj\Application\User\Core\usart.o
#        --no_out_extension -o
#        C:\stm32_test\uartCLI\EWARM\uartCLI\Exe\uartCLI.out --redirect
#        _Printf=_PrintfFullNoMb --redirect _Scanf=_ScanfFullNoMb --map
#        C:\stm32_test\uartCLI\EWARM\uartCLI\List\uartCLI.map --config
#        C:\stm32_test\uartCLI\EWARM/stm32f103x6_flash.icf --semihosting
#        --entry __iar_program_start --vfe --text_out locale --cpu=Cortex-M3
#        --fpu=None)
#
###############################################################################

*******************************************************************************
*** RUNTIME MODEL ATTRIBUTES
***

CppFlavor       = *
__CPP_Runtime   = 1
__SystemLibrary = DLib
__dlib_version  = 6


*******************************************************************************
*** HEAP SELECTION
***

The basic heap was selected because --advanced_heap
was not specified and the application did not appear to
be primarily optimized for speed.


*******************************************************************************
*** PLACEMENT SUMMARY
***

"A0":  place at address 0x800'0000 { ro section .intvec };
"P1":  place in [from 0x800'0000 to 0x800'7fff] { ro };
define block CSTACK with size = 1K, alignment = 8 { };
define block HEAP with size = 512, alignment = 8 { };
"P2":  place in [from 0x2000'0000 to 0x2000'27ff] {
          rw, block CSTACK, block HEAP };
initialize by copy { rw };

  Section            Kind         Address    Size  Object
  -------            ----         -------    ----  ------
"A0":                                        0xec
  .intvec            ro code   0x800'0000    0xec  startup_stm32f103x6.o [1]
                             - 0x800'00ec    0xec

"P1":                                      0x159c
  .text              ro code   0x800'00ec   0x6ac  stm32f1xx_hal_uart.o [4]
  .text              ro code   0x800'0798    0xbc  usart.o [2]
  .text              ro code   0x800'0854     0xc  stm32f1xx_hal.o [4]
  .text              ro code   0x800'0860   0x100  stm32f1xx_hal_dma.o [4]
  .text              ro code   0x800'0960     0x2  stm32f1xx_hal_uart.o [4]
  .text              ro code   0x800'0962     0x2  stm32f1xx_hal_uart.o [4]
  .text              ro code   0x800'0964     0x2  stm32f1xx_hal_uart.o [4]
  .text              ro code   0x800'0966    0x2a  copy_init3.o [6]
  .text              ro code   0x800'0990    0x70  stm32f1xx_it.o [2]
  .text              ro code   0x800'0a00   0x4be  stm32f1xx_hal_rcc.o [4]
  .text              ro code   0x800'0ec0   0x180  main.o [2]
  .text              ro code   0x800'1040    0x14  memset.o [6]
  .text              ro code   0x800'1054   0x1cc  stm32f1xx_hal_gpio.o [4]
  .text              ro code   0x800'1220    0xc4  stm32f1xx_hal_cortex.o [4]
  .text              ro code   0x800'12e4    0x10  stm32f1xx_hal.o [4]
  .text              ro code   0x800'12f4    0x40  stm32f1xx_hal.o [4]
  .text              ro code   0x800'1334    0x24  stm32f1xx_hal.o [4]
  .text              ro code   0x800'1358    0x7c  gpio.o [2]
  .text              ro code   0x800'13d4     0x6  ABImemclr4.o [6]
  .text              ro code   0x800'13dc    0x12  strcmp.o [6]
  .text              ro code   0x800'13f0    0x66  ABImemset.o [6]
  .text              ro code   0x800'1458    0x44  stm32f1xx_hal_msp.o [2]
  .text              ro code   0x800'149c    0x32  ABImemset48.o [6]
  .text              ro code   0x800'14ce    0x38  zero_init3.o [6]
  .text              ro code   0x800'1508    0x28  data_init.o [6]
  .iar.init_table    const     0x800'1530    0x24  - Linker created -
  .text              ro code   0x800'1554    0x1e  cmain.o [6]
  .text              ro code   0x800'1572     0x4  low_level_init.o [5]
  .text              ro code   0x800'1576     0x4  exit.o [5]
  .text              ro code   0x800'157c     0xa  cexit.o [6]
  .text              ro code   0x800'1588    0x14  exit.o [7]
  .text              ro code   0x800'159c    0x1c  cstartup_M.o [6]
  .text              ro code   0x800'15b8    0x14  system_stm32f1xx.o [3]
  .text              ro code   0x800'15cc    0x10  startup_stm32f103x6.o [1]
  Initializer bytes  const     0x800'15dc    0x10  <for P2-1>
  .rodata            const     0x800'15ec     0x8  system_stm32f1xx.o [3]
  .text              ro code   0x800'15f4     0x4  startup_stm32f103x6.o [1]
  .text              ro code   0x800'15f8     0x4  startup_stm32f103x6.o [1]
  .text              ro code   0x800'15fc     0x4  startup_stm32f103x6.o [1]
  .text              ro code   0x800'1600     0x4  startup_stm32f103x6.o [1]
  .text              ro code   0x800'1604     0x4  startup_stm32f103x6.o [1]
  .text              ro code   0x800'1608     0x4  startup_stm32f103x6.o [1]
  .text              ro code   0x800'160c     0x4  startup_stm32f103x6.o [1]
  .text              ro code   0x800'1610     0x4  startup_stm32f103x6.o [1]
  .text              ro code   0x800'1614     0x4  startup_stm32f103x6.o [1]
  .text              ro code   0x800'1618     0x4  startup_stm32f103x6.o [1]
  .text              ro code   0x800'161c     0x4  startup_stm32f103x6.o [1]
  .text              ro code   0x800'1620     0x4  startup_stm32f103x6.o [1]
  .text              ro code   0x800'1624     0x4  startup_stm32f103x6.o [1]
  .text              ro code   0x800'1628     0x4  startup_stm32f103x6.o [1]
  .text              ro code   0x800'162c     0x4  startup_stm32f103x6.o [1]
  .text              ro code   0x800'1630     0x4  startup_stm32f103x6.o [1]
  .text              ro code   0x800'1634     0x4  startup_stm32f103x6.o [1]
  .text              ro code   0x800'1638     0x4  startup_stm32f103x6.o [1]
  .text              ro code   0x800'163c     0x4  startup_stm32f103x6.o [1]
  .text              ro code   0x800'1640     0x4  startup_stm32f103x6.o [1]
  .text              ro code   0x800'1644     0x4  startup_stm32f103x6.o [1]
  .text              ro code   0x800'1648     0x4  startup_stm32f103x6.o [1]
  .text              ro code   0x800'164c     0x4  startup_stm32f103x6.o [1]
  .text              ro code   0x800'1650     0x4  startup_stm32f103x6.o [1]
  .text              ro code   0x800'1654     0x4  startup_stm32f103x6.o [1]
  .text              ro code   0x800'1658     0x4  startup_stm32f103x6.o [1]
  .text              ro code   0x800'165c     0x4  startup_stm32f103x6.o [1]
  .text              ro code   0x800'1660     0x4  startup_stm32f103x6.o [1]
  .text              ro code   0x800'1664     0x4  startup_stm32f103x6.o [1]
  .text              ro code   0x800'1668     0x4  startup_stm32f103x6.o [1]
  .text              ro code   0x800'166c     0x4  startup_stm32f103x6.o [1]
  .text              ro code   0x800'1670     0x4  startup_stm32f103x6.o [1]
  .text              ro code   0x800'1674     0x4  startup_stm32f103x6.o [1]
  .text              ro code   0x800'1678     0x4  startup_stm32f103x6.o [1]
  .text              ro code   0x800'167c     0x4  startup_stm32f103x6.o [1]
  .text              ro code   0x800'1680     0x4  startup_stm32f103x6.o [1]
  .text              ro code   0x800'1684     0x4  startup_stm32f103x6.o [1]
  .rodata            const     0x800'1688     0x0  zero_init3.o [6]
  .rodata            const     0x800'1688     0x0  copy_init3.o [6]
                             - 0x800'1688  0x159c

"P2", part 1 of 3:                           0x10
  P2-1                        0x2000'0000    0x10  <Init block>
    .data            inited   0x2000'0000     0xc  stm32f1xx_hal.o [4]
    .data            inited   0x2000'000c     0x4  system_stm32f1xx.o [3]
                            - 0x2000'0010    0x10

"P2", part 2 of 3:                           0xb0
  .bss               zero     0x2000'0010    0x64  main.o [2]
  .bss               zero     0x2000'0074    0x48  usart.o [2]
  .bss               zero     0x2000'00bc     0x1  main.o [2]
  .bss               zero     0x2000'00bd     0x1  main.o [2]
  .bss               zero     0x2000'00be     0x1  main.o [2]
                            - 0x2000'00bf    0xaf

"P2", part 3 of 3:                          0x400
  CSTACK                      0x2000'00c0   0x400  <Block>
    CSTACK           uninit   0x2000'00c0   0x400  <Block tail>
                            - 0x2000'04c0   0x400

Unused ranges:

         From           To    Size
         ----           --    ----
   0x800'1688   0x800'7fff  0x6978
  0x2000'04c0  0x2000'27ff  0x2340


*******************************************************************************
*** INIT TABLE
***

          Address      Size
          -------      ----
Zero (__iar_zero_init3)
    1 destination range, total size 0xaf:
          0x2000'0010  0xaf

Copy (__iar_copy_init3)
    1 source range, total size 0x10:
           0x800'15dc  0x10
    1 destination range, total size 0x10:
          0x2000'0000  0x10



*******************************************************************************
*** MODULE SUMMARY
***

    Module                  ro code  ro data  rw data
    ------                  -------  -------  -------
command line/config:
    -------------------------------------------------
    Total:

C:\stm32_test\uartCLI\EWARM\uartCLI\Obj\Application\EWARM: [1]
    startup_stm32f103x6.o       400
    -------------------------------------------------
    Total:                      400

C:\stm32_test\uartCLI\EWARM\uartCLI\Obj\Application\User\Core: [2]
    gpio.o                      124
    main.o                      384               103
    stm32f1xx_hal_msp.o          68
    stm32f1xx_it.o              112
    usart.o                     188                72
    -------------------------------------------------
    Total:                      876               175

C:\stm32_test\uartCLI\EWARM\uartCLI\Obj\Drivers\CMSIS: [3]
    system_stm32f1xx.o           20       12        4
    -------------------------------------------------
    Total:                       20       12        4

C:\stm32_test\uartCLI\EWARM\uartCLI\Obj\Drivers\STM32F1xx_HAL_Driver: [4]
    stm32f1xx_hal.o             128       12       12
    stm32f1xx_hal_cortex.o      196
    stm32f1xx_hal_dma.o         256
    stm32f1xx_hal_gpio.o        460
    stm32f1xx_hal_rcc.o       1'214
    stm32f1xx_hal_uart.o      1'714
    -------------------------------------------------
    Total:                    3'968       12       12

dl7M_tln.a: [5]
    exit.o                        4
    low_level_init.o              4
    -------------------------------------------------
    Total:                        8

rt7M_tl.a: [6]
    ABImemclr4.o                  6
    ABImemset.o                 102
    ABImemset48.o                50
    cexit.o                      10
    cmain.o                      30
    copy_init3.o                 42
    cstartup_M.o                 28
    data_init.o                  40
    memset.o                     20
    strcmp.o                     18
    zero_init3.o                 56
    -------------------------------------------------
    Total:                      402

shb_l.a: [7]
    exit.o                       20
    -------------------------------------------------
    Total:                       20

    Gaps                         14
    Linker created                        36    1'024
-----------------------------------------------------
    Grand Total:              5'708       60    1'215


*******************************************************************************
*** ENTRY LIST
***

Entry                       Address   Size  Type      Object
-----                       -------   ----  ----      ------
.iar.init_table$$Base    0x800'1530          --   Gb  - Linker created -
.iar.init_table$$Limit   0x800'1554          --   Gb  - Linker created -
?main                    0x800'1555         Code  Gb  cmain.o [6]
ADC1_2_IRQHandler        0x800'163d         Code  Wk  startup_stm32f103x6.o [1]
AHBPrescTable            0x800'15bc   0x10  Data  Gb  system_stm32f1xx.o [3]
APBPrescTable            0x800'15ec    0x8  Data  Gb  system_stm32f1xx.o [3]
BusFault_Handler         0x800'0997    0x2  Code  Gb  stm32f1xx_it.o [2]
CAN1_RX1_IRQHandler      0x800'1649         Code  Wk  startup_stm32f103x6.o [1]
CAN1_SCE_IRQHandler      0x800'164d         Code  Wk  startup_stm32f103x6.o [1]
CSTACK$$Base            0x2000'00c0          --   Gb  - Linker created -
CSTACK$$Limit           0x2000'04c0          --   Gb  - Linker created -
DMA1_Channel1_IRQHandler
                         0x800'1621         Code  Wk  startup_stm32f103x6.o [1]
DMA1_Channel2_IRQHandler
                         0x800'1625         Code  Wk  startup_stm32f103x6.o [1]
DMA1_Channel3_IRQHandler
                         0x800'1629         Code  Wk  startup_stm32f103x6.o [1]
DMA1_Channel4_IRQHandler
                         0x800'162d         Code  Wk  startup_stm32f103x6.o [1]
DMA1_Channel5_IRQHandler
                         0x800'1631         Code  Wk  startup_stm32f103x6.o [1]
DMA1_Channel6_IRQHandler
                         0x800'1635         Code  Wk  startup_stm32f103x6.o [1]
DMA1_Channel7_IRQHandler
                         0x800'1639         Code  Wk  startup_stm32f103x6.o [1]
DebugMon_Handler         0x800'099d    0x2  Code  Gb  stm32f1xx_it.o [2]
EXTI0_IRQHandler         0x800'160d         Code  Wk  startup_stm32f103x6.o [1]
EXTI15_10_IRQHandler     0x800'167d         Code  Wk  startup_stm32f103x6.o [1]
EXTI1_IRQHandler         0x800'1611         Code  Wk  startup_stm32f103x6.o [1]
EXTI2_IRQHandler         0x800'1615         Code  Wk  startup_stm32f103x6.o [1]
EXTI3_IRQHandler         0x800'1619         Code  Wk  startup_stm32f103x6.o [1]
EXTI4_IRQHandler         0x800'161d         Code  Wk  startup_stm32f103x6.o [1]
EXTI9_5_IRQHandler       0x800'1651         Code  Wk  startup_stm32f103x6.o [1]
Error_Handler            0x800'0fcf    0x4  Code  Gb  main.o [2]
FLASH_IRQHandler         0x800'1605         Code  Wk  startup_stm32f103x6.o [1]
HAL_DMA_Abort            0x800'0861   0x4a  Code  Gb  stm32f1xx_hal_dma.o [4]
HAL_DMA_Abort_IT         0x800'08ab   0x9a  Code  Gb  stm32f1xx_hal_dma.o [4]
HAL_GPIO_Init            0x800'1055  0x192  Code  Gb  stm32f1xx_hal_gpio.o [4]
HAL_GPIO_WritePin        0x800'11e7    0x8  Code  Gb  stm32f1xx_hal_gpio.o [4]
HAL_GetTick              0x800'0855    0xc  Code  Wk  stm32f1xx_hal.o [4]
HAL_IncTick              0x800'12e5   0x10  Code  Wk  stm32f1xx_hal.o [4]
HAL_Init                 0x800'1335   0x20  Code  Gb  stm32f1xx_hal.o [4]
HAL_InitTick             0x800'12f5   0x40  Code  Wk  stm32f1xx_hal.o [4]
HAL_MspInit              0x800'1459   0x44  Code  Gb  stm32f1xx_hal_msp.o [2]
HAL_NVIC_EnableIRQ       0x800'128f   0x16  Code  Gb  stm32f1xx_hal_cortex.o [4]
HAL_NVIC_SetPriority     0x800'1255   0x3a  Code  Gb  stm32f1xx_hal_cortex.o [4]
HAL_NVIC_SetPriorityGrouping
                         0x800'123b   0x1a  Code  Gb  stm32f1xx_hal_cortex.o [4]
HAL_RCC_ClockConfig      0x800'0d15   0xf4  Code  Gb  stm32f1xx_hal_rcc.o [4]
HAL_RCC_GetPCLK1Freq     0x800'0e57   0x10  Code  Gb  stm32f1xx_hal_rcc.o [4]
HAL_RCC_GetPCLK2Freq     0x800'0e67    0xe  Code  Gb  stm32f1xx_hal_rcc.o [4]
HAL_RCC_GetSysClockFreq
                         0x800'0e1d   0x3a  Code  Gb  stm32f1xx_hal_rcc.o [4]
HAL_RCC_GetSysClockFreq::aPLLMULFactorTable
                         0x800'0eac   0x10  Data  Lc  stm32f1xx_hal_rcc.o [4]
HAL_RCC_GetSysClockFreq::aPredivFactorTable
                         0x800'0ebc    0x2  Data  Lc  stm32f1xx_hal_rcc.o [4]
HAL_RCC_OscConfig        0x800'0a01  0x30c  Code  Gb  stm32f1xx_hal_rcc.o [4]
HAL_SYSTICK_Config       0x800'12a5   0x22  Code  Gb  stm32f1xx_hal_cortex.o [4]
HAL_UARTEx_RxEventCallback
                         0x800'0963    0x2  Code  Wk  stm32f1xx_hal_uart.o [4]
HAL_UART_ErrorCallback   0x800'0961    0x2  Code  Wk  stm32f1xx_hal_uart.o [4]
HAL_UART_IRQHandler      0x800'0251  0x28e  Code  Gb  stm32f1xx_hal_uart.o [4]
HAL_UART_Init            0x800'00ed   0x1e  Code  Gb  stm32f1xx_hal_uart.o [4]
HAL_UART_MspInit         0x800'07c7   0x7e  Code  Gb  usart.o [2]
HAL_UART_Receive_IT      0x800'020f   0x26  Code  Gb  stm32f1xx_hal_uart.o [4]
HAL_UART_RxCpltCallback
                         0x800'09ab   0x40  Code  Gb  stm32f1xx_it.o [2]
HAL_UART_Transmit        0x800'016b   0x9c  Code  Gb  stm32f1xx_hal_uart.o [4]
HAL_UART_TxCpltCallback
                         0x800'0965    0x2  Code  Wk  stm32f1xx_hal_uart.o [4]
HardFault_Handler        0x800'0993    0x2  Code  Gb  stm32f1xx_it.o [2]
I2C1_ER_IRQHandler       0x800'1671         Code  Wk  startup_stm32f103x6.o [1]
I2C1_EV_IRQHandler       0x800'166d         Code  Wk  startup_stm32f103x6.o [1]
MX_GPIO_Init             0x800'1359   0x7c  Code  Gb  gpio.o [2]
MX_USART1_UART_Init      0x800'0799   0x2e  Code  Gb  usart.o [2]
MemManage_Handler        0x800'0995    0x2  Code  Gb  stm32f1xx_it.o [2]
NMI_Handler              0x800'0991    0x2  Code  Gb  stm32f1xx_it.o [2]
PVD_IRQHandler           0x800'15f9         Code  Wk  startup_stm32f103x6.o [1]
PendSV_Handler           0x800'099f    0x2  Code  Gb  stm32f1xx_it.o [2]
RCC_IRQHandler           0x800'1609         Code  Wk  startup_stm32f103x6.o [1]
RTC_Alarm_IRQHandler     0x800'1681         Code  Wk  startup_stm32f103x6.o [1]
RTC_IRQHandler           0x800'1601         Code  Wk  startup_stm32f103x6.o [1]
Region$$Table$$Base      0x800'1530          --   Gb  - Linker created -
Region$$Table$$Limit     0x800'1554          --   Gb  - Linker created -
Reset_Handler            0x800'15cd         Code  Wk  startup_stm32f103x6.o [1]
SPI1_IRQHandler          0x800'1675         Code  Wk  startup_stm32f103x6.o [1]
SVC_Handler              0x800'099b    0x2  Code  Gb  stm32f1xx_it.o [2]
SysTick_Handler          0x800'09a1    0x4  Code  Gb  stm32f1xx_it.o [2]
SystemClock_Config       0x800'0edf   0x62  Code  Gb  main.o [2]
SystemCoreClock         0x2000'000c    0x4  Data  Gb  system_stm32f1xx.o [3]
SystemInit               0x800'15b9    0x2  Code  Gb  system_stm32f1xx.o [3]
TAMPER_IRQHandler        0x800'15fd         Code  Wk  startup_stm32f103x6.o [1]
TIM1_BRK_IRQHandler      0x800'1655         Code  Wk  startup_stm32f103x6.o [1]
TIM1_CC_IRQHandler       0x800'1661         Code  Wk  startup_stm32f103x6.o [1]
TIM1_TRG_COM_IRQHandler
                         0x800'165d         Code  Wk  startup_stm32f103x6.o [1]
TIM1_UP_IRQHandler       0x800'1659         Code  Wk  startup_stm32f103x6.o [1]
TIM2_IRQHandler          0x800'1665         Code  Wk  startup_stm32f103x6.o [1]
TIM3_IRQHandler          0x800'1669         Code  Wk  startup_stm32f103x6.o [1]
UART_DMAAbortOnError     0x800'0635    0xe  Code  Lc  stm32f1xx_hal_uart.o [4]
UART_EndRxTransfer       0x800'05f3   0x36  Code  Lc  stm32f1xx_hal_uart.o [4]
UART_Receive_IT          0x800'0645   0xb4  Code  Lc  stm32f1xx_hal_uart.o [4]
UART_SetConfig           0x800'0715   0x78  Code  Lc  stm32f1xx_hal_uart.o [4]
UART_Start_Receive_IT    0x800'05a1   0x30  Code  Gb  stm32f1xx_hal_uart.o [4]
UART_WaitOnFlagUntilTimeout
                         0x800'0527   0x7a  Code  Lc  stm32f1xx_hal_uart.o [4]
USART1_IRQHandler        0x800'09a5    0x6  Code  Gb  stm32f1xx_it.o [2]
USART2_IRQHandler        0x800'1679         Code  Wk  startup_stm32f103x6.o [1]
USBWakeUp_IRQHandler     0x800'1685         Code  Wk  startup_stm32f103x6.o [1]
USB_HP_CAN1_TX_IRQHandler
                         0x800'1641         Code  Wk  startup_stm32f103x6.o [1]
USB_LP_CAN1_RX0_IRQHandler
                         0x800'1645         Code  Wk  startup_stm32f103x6.o [1]
UsageFault_Handler       0x800'0999    0x2  Code  Gb  stm32f1xx_it.o [2]
WWDG_IRQHandler          0x800'15f5         Code  Wk  startup_stm32f103x6.o [1]
__NVIC_SetPriority       0x800'1221   0x1a  Code  Lc  stm32f1xx_hal_cortex.o [4]
__aeabi_memclr4          0x800'13d5         Code  Gb  ABImemclr4.o [6]
__aeabi_memset           0x800'13f1         Code  Gb  ABImemset.o [6]
__cmain                  0x800'1555         Code  Gb  cmain.o [6]
__exit                   0x800'1589   0x14  Code  Gb  exit.o [7]
__iar_Memset             0x800'13f1         Code  Gb  ABImemset.o [6]
__iar_Memset4_word       0x800'149d         Code  Gb  ABImemset48.o [6]
__iar_Memset8_word       0x800'149d         Code  Gb  ABImemset48.o [6]
__iar_Memset_word        0x800'13f9         Code  Gb  ABImemset.o [6]
__iar_copy_init3         0x800'0967   0x2a  Code  Gb  copy_init3.o [6]
__iar_data_init3         0x800'1509   0x28  Code  Gb  data_init.o [6]
__iar_program_start      0x800'159d         Code  Gb  cstartup_M.o [6]
__iar_zero_init3         0x800'14cf   0x38  Code  Gb  zero_init3.o [6]
__low_level_init         0x800'1573    0x4  Code  Gb  low_level_init.o [5]
__vector_table           0x800'0000         Data  Gb  startup_stm32f103x6.o [1]
_call_main               0x800'1561         Code  Gb  cmain.o [6]
_exit                    0x800'157d         Code  Gb  cexit.o [6]
cmdBuffer               0x2000'0010   0x64  Data  Gb  main.o [2]
exit                     0x800'1577    0x4  Code  Gb  exit.o [5]
huart1                  0x2000'0074   0x48  Data  Gb  usart.o [2]
idx                     0x2000'00bd    0x1  Data  Gb  main.o [2]
ledStatus               0x2000'00be    0x1  Data  Gb  main.o [2]
main                     0x800'0ec1   0x1e  Code  Gb  main.o [2]
memset                   0x800'1041   0x14  Code  Gb  memset.o [6]
processCommand           0x800'0f41   0x72  Code  Gb  main.o [2]
rxData                  0x2000'00bc    0x1  Data  Gb  main.o [2]
strcmp                   0x800'13dd         Code  Gb  strcmp.o [6]
uwTick                  0x2000'0004    0x4  Data  Gb  stm32f1xx_hal.o [4]
uwTickFreq              0x2000'0000    0x1  Data  Gb  stm32f1xx_hal.o [4]
uwTickPrio              0x2000'0008    0x4  Data  Gb  stm32f1xx_hal.o [4]


[1] = C:\stm32_test\uartCLI\EWARM\uartCLI\Obj\Application\EWARM
[2] = C:\stm32_test\uartCLI\EWARM\uartCLI\Obj\Application\User\Core
[3] = C:\stm32_test\uartCLI\EWARM\uartCLI\Obj\Drivers\CMSIS
[4] = C:\stm32_test\uartCLI\EWARM\uartCLI\Obj\Drivers\STM32F1xx_HAL_Driver
[5] = dl7M_tln.a
[6] = rt7M_tl.a
[7] = shb_l.a

  5'708 bytes of readonly  code memory
     60 bytes of readonly  data memory
  1'215 bytes of readwrite data memory

Errors: none
Warnings: none
